# dune build
# OCAMLPARAM: unset
# Shared cache: enabled-except-user-rules
# Shared cache location: /Users/selik/.cache/dune/db
# Workspace root:
# /Users/selik/Documents/test/IFT2035-A-A25---Concepts-des-langages-de-programmation
# Auto-detected concurrency: 8
# Dune context:
#  { name = "default"
#  ; kind = "default"
#  ; profile = Dev
#  ; merlin = true
#  ; fdo_target_exe = None
#  ; build_dir = In_build_dir "default"
#  ; instrument_with = []
#  }
$ /Users/selik/.opam/default/bin/ocamlc.opt -config > /var/folders/_x/_2g_yz896lz_w_ffn9pkt30r0000gn/T/dune_c9ee60_output
$ (cd _build/default && /Users/selik/.opam/default/bin/ocamlc.opt -w @1..3@5..28@31..39@43@46..47@49..57@61..62@67@69-40 -strict-sequence -strict-formats -short-paths -keep-locs -g -bin-annot -bin-annot-occurrences -I bin/.toplevel.eobjs/byte -no-alias-deps -opaque -open Dune__exe -o bin/.toplevel.eobjs/byte/dune__exe__Interpreter.cmo -c -impl bin/interpreter.ml)
> File "bin/interpreter.ml", line 91, characters 8-17:
> 91 | let rec free_vars (expr : expr) : string list =
>              ^^^^^^^^^
> Error (warning 39 [unused-rec-flag]): unused rec flag.
>
> File "bin/interpreter.ml", line 101, characters 8-18:
> 101 | let rec substitute (expr : expr) (x : string) (y : expr) : expr =
>               ^^^^^^^^^^
> Error (warning 39 [unused-rec-flag]): unused rec flag.
>
> File "bin/interpreter.ml", line 106, characters 8-12:
> 106 | let rec eval (expr : expr) : expr =
>               ^^^^
> Error (warning 39 [unused-rec-flag]): unused rec flag.
>
> File "bin/interpreter.ml", line 49, characters 15-20:
> 49 | and parse_let (input : char list) : (expr * char list) option =
>                     ^^^^^
> Error (warning 27 [unused-var-strict]): unused variable input.
>
> File "bin/interpreter.ml", line 54, characters 15-20:
> 54 | and parse_fun (input : char list) : (expr * char list) option =
>                     ^^^^^
> Error (warning 27 [unused-var-strict]): unused variable input.
>
> File "bin/interpreter.ml", line 59, characters 17-22:
> 59 | and parse_apply (input : char list) : (expr * char list) option =
>                       ^^^^^
> Error (warning 27 [unused-var-strict]): unused variable input.
>
> File "bin/interpreter.ml", line 64, characters 15-20:
> 64 | and parse_var (input : char list) : (expr * char list) option =
>                     ^^^^^
> Error (warning 27 [unused-var-strict]): unused variable input.
>
> File "bin/interpreter.ml", line 69, characters 17-22:
> 69 | and parse_ident (input : char list) : (string * char list) option =
>                       ^^^^^
> Error (warning 27 [unused-var-strict]): unused variable input.
>
> File "bin/interpreter.ml", line 70, characters 6-15:
> 70 |   let is_letter x =
>            ^^^^^^^^^
> Error (warning 26 [unused-var]): unused variable is_letter.
>
> File "bin/interpreter.ml", line 91, characters 19-23:
> 91 | let rec free_vars (expr : expr) : string list =
>                         ^^^^
> Error (warning 27 [unused-var-strict]): unused variable expr.
>
> File "bin/interpreter.ml", line 96, characters 27-33:
> 96 | let fresh (name : string) (values : string list) : string =
>                                 ^^^^^^
> Error (warning 27 [unused-var-strict]): unused variable values.
>
> File "bin/interpreter.ml", line 101, characters 34-35:
> 101 | let rec substitute (expr : expr) (x : string) (y : expr) : expr =
>                                         ^
> Error (warning 27 [unused-var-strict]): unused variable x.
>
> File "bin/interpreter.ml", line 101, characters 47-48:
> 101 | let rec substitute (expr : expr) (x : string) (y : expr) : expr =
>                                                      ^
> Error (warning 27 [unused-var-strict]): unused variable y.
[2]
